********* Archive Project on 2025-02-28 10:54:25 *********
Tool Version: V1.9.9.01 (64-bit)
Archive file: C:\Users\AkimovMA\Desktop\plis\encoder_spi\encoder_spiv20.gar
Archive files successfully


********* Archived files *********
C:\Users\AkimovMA\Desktop\plis\encoder_spi\encoder_spi.gprj
C:\Users\AkimovMA\Desktop\plis\encoder_spi\encoder_spi.gprj.user
C:\Users\AkimovMA\Desktop\plis\encoder_spi\impl\encoder_spi_process_config.json
C:\Users\AkimovMA\Desktop\plis\encoder_spi\src\encoder_spi.cst
C:\Users\AkimovMA\Desktop\plis\encoder_spi\src\top.v
C:\Users\AkimovMA\Desktop\plis\encoder_spi\src\work\@_opt\_lib.qdb
C:\Users\AkimovMA\Desktop\plis\encoder_spi\src\work\@_opt\_lib1_0.qdb
C:\Users\AkimovMA\Desktop\plis\encoder_spi\src\work\@_opt\_lib1_0.qpg
C:\Users\AkimovMA\Desktop\plis\encoder_spi\src\work\@_opt\_lib1_0.qtl
C:\Users\AkimovMA\Desktop\plis\encoder_spi\src\work\@_opt\_lib2_0.qdb
C:\Users\AkimovMA\Desktop\plis\encoder_spi\src\work\@_opt\_lib2_0.qpg
C:\Users\AkimovMA\Desktop\plis\encoder_spi\src\work\@_opt\_lib2_0.qtl
C:\Users\AkimovMA\Desktop\plis\encoder_spi\src\work\@_opt\_lib3_0.qdb
C:\Users\AkimovMA\Desktop\plis\encoder_spi\src\work\@_opt\_lib3_0.qpg
C:\Users\AkimovMA\Desktop\plis\encoder_spi\src\work\@_opt\_lib3_0.qtl
C:\Users\AkimovMA\Desktop\plis\encoder_spi\src\work\@_opt\_lib4_0.qdb
C:\Users\AkimovMA\Desktop\plis\encoder_spi\src\work\@_opt\_lib4_0.qpg
C:\Users\AkimovMA\Desktop\plis\encoder_spi\src\work\@_opt\_lib4_0.qtl
C:\Users\AkimovMA\Desktop\plis\encoder_spi\src\work\@_opt\_lib5_0.qdb
C:\Users\AkimovMA\Desktop\plis\encoder_spi\src\work\@_opt\_lib5_0.qpg
C:\Users\AkimovMA\Desktop\plis\encoder_spi\src\work\@_opt\_lib5_0.qtl
C:\Users\AkimovMA\Desktop\plis\encoder_spi\src\work\@_opt1\_lib.qdb
C:\Users\AkimovMA\Desktop\plis\encoder_spi\src\work\@_opt1\_lib1_0.qdb
C:\Users\AkimovMA\Desktop\plis\encoder_spi\src\work\@_opt1\_lib1_0.qpg
C:\Users\AkimovMA\Desktop\plis\encoder_spi\src\work\@_opt1\_lib1_0.qtl
C:\Users\AkimovMA\Desktop\plis\encoder_spi\src\work\@_opt1\_lib2_0.qdb
C:\Users\AkimovMA\Desktop\plis\encoder_spi\src\work\@_opt1\_lib2_0.qpg
C:\Users\AkimovMA\Desktop\plis\encoder_spi\src\work\@_opt1\_lib2_0.qtl
C:\Users\AkimovMA\Desktop\plis\encoder_spi\src\work\@_opt1\_lib3_0.qdb
C:\Users\AkimovMA\Desktop\plis\encoder_spi\src\work\@_opt1\_lib3_0.qpg
C:\Users\AkimovMA\Desktop\plis\encoder_spi\src\work\@_opt1\_lib3_0.qtl
C:\Users\AkimovMA\Desktop\plis\encoder_spi\src\work\@_opt1\_lib4_0.qdb
C:\Users\AkimovMA\Desktop\plis\encoder_spi\src\work\@_opt1\_lib4_0.qpg
C:\Users\AkimovMA\Desktop\plis\encoder_spi\src\work\@_opt1\_lib4_0.qtl
C:\Users\AkimovMA\Desktop\plis\encoder_spi\src\work\_info
C:\Users\AkimovMA\Desktop\plis\encoder_spi\src\work\_lib.qdb
C:\Users\AkimovMA\Desktop\plis\encoder_spi\src\work\_lib1_8.qdb
C:\Users\AkimovMA\Desktop\plis\encoder_spi\src\work\_lib1_8.qpg
C:\Users\AkimovMA\Desktop\plis\encoder_spi\src\work\_lib1_8.qtl
C:\Users\AkimovMA\Desktop\plis\encoder_spi\src\work\_vmake

********* Total 40 files to archive *********

