GowinSynthesis start
Running parser ...
Analyzing Verilog file 'C:\Users\AkimovMA\Desktop\plis\encoder_spi\src\top.v'
Compiling module 'top'("C:\Users\AkimovMA\Desktop\plis\encoder_spi\src\top.v":18)
Compiling module 'rs485_reseiver'("C:\Users\AkimovMA\Desktop\plis\encoder_spi\src\top.v":170)
Compiling module 'crc32'("C:\Users\AkimovMA\Desktop\plis\encoder_spi\src\top.v":302)
Compiling module 'spi_transmitter'("C:\Users\AkimovMA\Desktop\plis\encoder_spi\src\top.v":382)
NOTE  (EX0101) : Current top module is "top"
WARN  (EX0211) : The output port "LED1_OUT" of module "rs485_reseiver" has no driver, assigning undriven bits to Z, simulation mismatch possible("C:\Users\AkimovMA\Desktop\plis\encoder_spi\src\top.v":183)
WARN  (EX0211) : The output port "LED1_OUT" of module "crc32" has no driver, assigning undriven bits to Z, simulation mismatch possible("C:\Users\AkimovMA\Desktop\plis\encoder_spi\src\top.v":308)
WARN  (EX0211) : The output port "LED1_OUT" of module "spi_transmitter" has no driver, assigning undriven bits to Z, simulation mismatch possible("C:\Users\AkimovMA\Desktop\plis\encoder_spi\src\top.v":395)
[5%] Running netlist conversion ...
Running device independent optimization ...
[10%] Optimizing Phase 0 completed
[15%] Optimizing Phase 1 completed
[25%] Optimizing Phase 2 completed
Running inference ...
[30%] Inferring Phase 0 completed
[40%] Inferring Phase 1 completed
[50%] Inferring Phase 2 completed
[55%] Inferring Phase 3 completed
Running technical mapping ...
[60%] Tech-Mapping Phase 0 completed
[65%] Tech-Mapping Phase 1 completed
[75%] Tech-Mapping Phase 2 completed
[80%] Tech-Mapping Phase 3 completed
[90%] Tech-Mapping Phase 4 completed
[95%] Generate netlist file "C:\Users\AkimovMA\Desktop\plis\encoder_spi\impl\gwsynthesis\encoder_spi.vg" completed
[100%] Generate report file "C:\Users\AkimovMA\Desktop\plis\encoder_spi\impl\gwsynthesis\encoder_spi_syn.rpt.html" completed
GowinSynthesis finish
