GowinSynthesis start
Running parser ...
Analyzing Verilog file 'C:\Users\AkimovMA\Desktop\DIP_SEM\proj\FPGA-PLK\encoder_spi\src\top.v'
Undeclared symbol 'LED0_OUT', assumed default net type 'wire'("C:\Users\AkimovMA\Desktop\DIP_SEM\proj\FPGA-PLK\encoder_spi\src\top.v":169)
Compiling module 'top'("C:\Users\AkimovMA\Desktop\DIP_SEM\proj\FPGA-PLK\encoder_spi\src\top.v":10)
Compiling module 'rs485_reseiver'("C:\Users\AkimovMA\Desktop\DIP_SEM\proj\FPGA-PLK\encoder_spi\src\top.v":243)
Compiling module 'crc32'("C:\Users\AkimovMA\Desktop\DIP_SEM\proj\FPGA-PLK\encoder_spi\src\top.v":373)
Compiling module 'spi_transmitter'("C:\Users\AkimovMA\Desktop\DIP_SEM\proj\FPGA-PLK\encoder_spi\src\top.v":479)
NOTE  (EX0101) : Current top module is "top"
WARN  (EX0211) : The output port "LED0_OUT" of module "rs485_reseiver" has no driver, assigning undriven bits to Z, simulation mismatch possible("C:\Users\AkimovMA\Desktop\DIP_SEM\proj\FPGA-PLK\encoder_spi\src\top.v":256)
WARN  (EX0211) : The output port "LED1_OUT" of module "rs485_reseiver" has no driver, assigning undriven bits to Z, simulation mismatch possible("C:\Users\AkimovMA\Desktop\DIP_SEM\proj\FPGA-PLK\encoder_spi\src\top.v":257)
WARN  (EX0211) : The output port "LED2_OUT" of module "rs485_reseiver" has no driver, assigning undriven bits to Z, simulation mismatch possible("C:\Users\AkimovMA\Desktop\DIP_SEM\proj\FPGA-PLK\encoder_spi\src\top.v":258)
WARN  (EX0211) : The output port "LED3_OUT" of module "rs485_reseiver" has no driver, assigning undriven bits to Z, simulation mismatch possible("C:\Users\AkimovMA\Desktop\DIP_SEM\proj\FPGA-PLK\encoder_spi\src\top.v":259)
WARN  (EX0211) : The output port "LED4_OUT" of module "rs485_reseiver" has no driver, assigning undriven bits to Z, simulation mismatch possible("C:\Users\AkimovMA\Desktop\DIP_SEM\proj\FPGA-PLK\encoder_spi\src\top.v":260)
WARN  (EX0211) : The output port "LED5_OUT" of module "rs485_reseiver" has no driver, assigning undriven bits to Z, simulation mismatch possible("C:\Users\AkimovMA\Desktop\DIP_SEM\proj\FPGA-PLK\encoder_spi\src\top.v":261)
WARN  (EX0211) : The output port "LED0_OUT" of module "crc32" has no driver, assigning undriven bits to Z, simulation mismatch possible("C:\Users\AkimovMA\Desktop\DIP_SEM\proj\FPGA-PLK\encoder_spi\src\top.v":385)
WARN  (EX0211) : The output port "LED1_OUT" of module "crc32" has no driver, assigning undriven bits to Z, simulation mismatch possible("C:\Users\AkimovMA\Desktop\DIP_SEM\proj\FPGA-PLK\encoder_spi\src\top.v":386)
WARN  (EX0211) : The output port "LED2_OUT" of module "crc32" has no driver, assigning undriven bits to Z, simulation mismatch possible("C:\Users\AkimovMA\Desktop\DIP_SEM\proj\FPGA-PLK\encoder_spi\src\top.v":387)
WARN  (EX0211) : The output port "LED3_OUT" of module "crc32" has no driver, assigning undriven bits to Z, simulation mismatch possible("C:\Users\AkimovMA\Desktop\DIP_SEM\proj\FPGA-PLK\encoder_spi\src\top.v":388)
WARN  (EX0211) : The output port "LED4_OUT" of module "crc32" has no driver, assigning undriven bits to Z, simulation mismatch possible("C:\Users\AkimovMA\Desktop\DIP_SEM\proj\FPGA-PLK\encoder_spi\src\top.v":389)
WARN  (EX0211) : The output port "LED5_OUT" of module "crc32" has no driver, assigning undriven bits to Z, simulation mismatch possible("C:\Users\AkimovMA\Desktop\DIP_SEM\proj\FPGA-PLK\encoder_spi\src\top.v":390)
WARN  (EX0211) : The output port "LED0_OUT" of module "spi_transmitter" has no driver, assigning undriven bits to Z, simulation mismatch possible("C:\Users\AkimovMA\Desktop\DIP_SEM\proj\FPGA-PLK\encoder_spi\src\top.v":492)
WARN  (EX0211) : The output port "LED1_OUT" of module "spi_transmitter" has no driver, assigning undriven bits to Z, simulation mismatch possible("C:\Users\AkimovMA\Desktop\DIP_SEM\proj\FPGA-PLK\encoder_spi\src\top.v":493)
WARN  (EX0211) : The output port "LED2_OUT" of module "spi_transmitter" has no driver, assigning undriven bits to Z, simulation mismatch possible("C:\Users\AkimovMA\Desktop\DIP_SEM\proj\FPGA-PLK\encoder_spi\src\top.v":494)
WARN  (EX0211) : The output port "LED3_OUT" of module "spi_transmitter" has no driver, assigning undriven bits to Z, simulation mismatch possible("C:\Users\AkimovMA\Desktop\DIP_SEM\proj\FPGA-PLK\encoder_spi\src\top.v":495)
WARN  (EX0211) : The output port "LED4_OUT" of module "spi_transmitter" has no driver, assigning undriven bits to Z, simulation mismatch possible("C:\Users\AkimovMA\Desktop\DIP_SEM\proj\FPGA-PLK\encoder_spi\src\top.v":496)
WARN  (EX0211) : The output port "LED5_OUT" of module "spi_transmitter" has no driver, assigning undriven bits to Z, simulation mismatch possible("C:\Users\AkimovMA\Desktop\DIP_SEM\proj\FPGA-PLK\encoder_spi\src\top.v":497)
[5%] Running netlist conversion ...
Running device independent optimization ...
[10%] Optimizing Phase 0 completed
[15%] Optimizing Phase 1 completed
[25%] Optimizing Phase 2 completed
Running inference ...
[30%] Inferring Phase 0 completed
[40%] Inferring Phase 1 completed
[50%] Inferring Phase 2 completed
[55%] Inferring Phase 3 completed
Running technical mapping ...
[60%] Tech-Mapping Phase 0 completed
[65%] Tech-Mapping Phase 1 completed
[75%] Tech-Mapping Phase 2 completed
[80%] Tech-Mapping Phase 3 completed
[90%] Tech-Mapping Phase 4 completed
[95%] Generate netlist file "C:\Users\AkimovMA\Desktop\DIP_SEM\proj\FPGA-PLK\encoder_spi\impl\gwsynthesis\encoder_spi.vg" completed
[100%] Generate report file "C:\Users\AkimovMA\Desktop\DIP_SEM\proj\FPGA-PLK\encoder_spi\impl\gwsynthesis\encoder_spi_syn.rpt.html" completed
GowinSynthesis finish
